YEE ZHI YING@LAPTOP-NQJ9M53N MINGW64 ~
$ git
usage: git [-v | --version] [-h | --help] [-C <path>] [-c <name>=<value>]
           [--exec-path[=<path>]] [--html-path] [--man-path] [--info-path]
           [-p | --paginate | -P | --no-pager] [--no-replace-objects] [--bare]
           [--git-dir=<path>] [--work-tree=<path>] [--namespace=<name>]
           [--super-prefix=<path>] [--config-env=<name>=<envvar>]
           <command> [<args>]

These are common Git commands used in various situations:

start a working area (see also: git help tutorial)
   clone     Clone a repository into a new directory
   init      Create an empty Git repository or reinitialize an existing one

work on the current change (see also: git help everyday)
   add       Add file contents to the index
   mv        Move or rename a file, a directory, or a symlink
   restore   Restore working tree files
   rm        Remove files from the working tree and from the index

examine the history and state (see also: git help revisions)
   bisect    Use binary search to find the commit that introduced a bug
   diff      Show changes between commits, commit and working tree, etc
   grep      Print lines matching a pattern
   log       Show commit logs
   show      Show various types of objects
   status    Show the working tree status

grow, mark and tweak your common history
   branch    List, create, or delete branches
   commit    Record changes to the repository
   merge     Join two or more development histories together
   rebase    Reapply commits on top of another base tip
   reset     Reset current HEAD to the specified state
   switch    Switch branches
   tag       Create, list, delete or verify a tag object signed with GPG

collaborate (see also: git help workflows)
   fetch     Download objects and refs from another repository
   pull      Fetch from and integrate with another repository or a local branch
   push      Update remote refs along with associated objects

'git help -a' and 'git help -g' list available subcommands and some
concept guides. See 'git help <command>' or 'git help <concept>'
to read about a specific subcommand or concept.
See 'git help git' for an overview of the system.

YEE ZHI YING@LAPTOP-NQJ9M53N MINGW64 ~
$ ssh-keygen
Generating public/private rsa key pair.
Enter file in which to save the key (/c/Users/YEE ZHI YING/.ssh/id_rsa):

YEE ZHI YING@LAPTOP-NQJ9M53N MINGW64 ~
$ ssh-keygen
Generating public/private rsa key pair.
Enter file in which to save the key (/c/Users/YEE ZHI YING/.ssh/id_rsa):
Created directory '/c/Users/YEE ZHI YING/.ssh'.
Enter passphrase (empty for no passphrase):
Enter same passphrase again:
Your identification has been saved in /c/Users/YEE ZHI YING/.ssh/id_rsa
Your public key has been saved in /c/Users/YEE ZHI YING/.ssh/id_rsa.pub
The key fingerprint is:
SHA256:2llUb16HAn0Iwe/7/nfCbH6X+lzPeQea9IQHEUZ3M8E YEE ZHI YING@LAPTOP-NQJ9M53N
The key's randomart image is:
+---[RSA 3072]----+
|         .+==oo+o|
|          .++o.Eo|
|          ...o+ o|
|         .  o+ ..|
|        S .. o.  |
|       o o  + +  |
|      . o  . X .o|
|            + Bo@|
|             **BX|
+----[SHA256]-----+

YEE ZHI YING@LAPTOP-NQJ9M53N MINGW64 ~
$ cd ^C

YEE ZHI YING@LAPTOP-NQJ9M53N MINGW64 ~
$ cd /Users/YEE ZHI YING/.ssh/
bash: cd: too many arguments

YEE ZHI YING@LAPTOP-NQJ9M53N MINGW64 ~
$ cd /Users/YEE ZHI YING/.ssh/id_rsa
bash: cd: too many arguments

YEE ZHI YING@LAPTOP-NQJ9M53N MINGW64 ~
$ ls
'3D Objects'/
 AppData/
'Application Data'@
 Contacts/
 Cookies@
 Desktop/
 Documents/
 Downloads/
 Favorites/
 Links/
'Local Settings'@
 Microsoft/
 Music/
'My Documents'@
 NTUSER.DAT
 NTUSER.DAT{29060c29-5db6-11ec-9ef5-4cd5770b92bc}.TM.blf
 NTUSER.DAT{29060c29-5db6-11ec-9ef5-4cd5770b92bc}.TMContainer00000000000000000001.regtrans-ms
 NTUSER.DAT{29060c29-5db6-11ec-9ef5-4cd5770b92bc}.TMContainer00000000000000000002.regtrans-ms
 NetHood@
 OneDrive/
 Pictures/
 PrintHood@
 PycharmProjects/
 Recent@
'Saved Games'/
 Searches/
 SendTo@
'Start Menu'@
 Templates@
 Videos/
 anaconda3/
 ntuser.dat.LOG1
 ntuser.dat.LOG2
 ntuser.ini
 source/

YEE ZHI YING@LAPTOP-NQJ9M53N MINGW64 ~
$ /c/Users/YEE ZHI YING/.ssh/id_rsa
bash: /c/Users/YEE: No such file or directory

YEE ZHI YING@LAPTOP-NQJ9M53N MINGW64 ~
$ cd /id_rsa
bash: cd: /id_rsa: No such file or directory

YEE ZHI YING@LAPTOP-NQJ9M53N MINGW64 ~
$ ls -al ~/.ssh
total 21
drwxr-xr-x 1 YEE ZHI YING 197121    0 Dec 17 11:16 ./
drwxr-xr-x 1 YEE ZHI YING 197121    0 Dec 17 11:15 ../
-rw-r--r-- 1 YEE ZHI YING 197121 2622 Dec 17 11:16 id_rsa
-rw-r--r-- 1 YEE ZHI YING 197121  582 Dec 17 11:16 id_rsa.pub

YEE ZHI YING@LAPTOP-NQJ9M53N MINGW64 ~
$ ls ~/.ssh
id_rsa  id_rsa.pub

YEE ZHI YING@LAPTOP-NQJ9M53N MINGW64 ~
$ cat id_rsa.pub
cat: id_rsa.pub: No such file or directory

YEE ZHI YING@LAPTOP-NQJ9M53N MINGW64 ~
$ ^C

YEE ZHI YING@LAPTOP-NQJ9M53N MINGW64 ~
$ cat user/ssh/id_rsa.pub
cat: user/ssh/id_rsa.pub: No such file or directory

YEE ZHI YING@LAPTOP-NQJ9M53N MINGW64 ~
$  cat user/.ssh/id_rsa.pub
cat: user/.ssh/id_rsa.pub: No such file or directory

YEE ZHI YING@LAPTOP-NQJ9M53N MINGW64 ~
$ cd

YEE ZHI YING@LAPTOP-NQJ9M53N MINGW64 ~
$ ls ~/.ssh
id_rsa  id_rsa.pub

YEE ZHI YING@LAPTOP-NQJ9M53N MINGW64 ~
$ cd ~/.ssh/

YEE ZHI YING@LAPTOP-NQJ9M53N MINGW64 ~/.ssh
$ cat id_rsa.pub
ssh-rsa AAAAB3NzaC1yc2EAAAADAQABAAABgQDbQKdh5joCXTRMCZZfV03nnzG4sxVexbvTaXCwdArJgs0GwLRrGDtAYxgswzjnq7n/ZXzEkQNB6dX/X80fWwS8Zt0SLWaNISQBiMVcNNcD2ZUt++Dem7vcyl5wnWs7SncFcVdRzxunwYoqxvC7U/LSXDd3OkRFy5/6j8nhXwOeJtJ6gXo6p3kptS7sZHHyYKS2EiLeDZuxc6iKqEucd0NS307MqiAl5OGvTAEumqVkB1pSlSQZz1yME2VIvSrFgnEHEaQWsVnm6EhRZ4tkcrMw3hMpylz/4aLGWdmTp56uT0wX6zegvyyPojblTFJ2UusYByw8nB8sCGtgqptPbccq9KUyp65ugMBvSHOyVWQ+E5HLi1WMWFpxzdSBoOPufnzsvMYoNC8dJbAJgZc0UOFV91jm6Ok7sY49TGYA4y6dUxFbpbHkN6NivvAYyKaa4SbjinTJW4N5TyR0MaPkDZ2DIMvDEe2aDonKPJ40sw2LkXf5+Zwc6FFV4YNnRpwOF0k= YEE ZHI YING@LAPTOP-NQJ9M53N

YEE ZHI YING@LAPTOP-NQJ9M53N MINGW64 ~/.ssh
$ cd ~/Desktop/

YEE ZHI YING@LAPTOP-NQJ9M53N MINGW64 ~/Desktop
$ git clone git@github.com:ZhiYing1112/git-it-up-workshop-2022.git
Cloning into 'git-it-up-workshop-2022'...
The authenticity of host 'github.com (20.205.243.166)' can't be established.
ED25519 key fingerprint is SHA256:+DiY3wvvV6TuJJhbpZisF/zLDA0zPMSvHdkr4UvCOqU.
This key is not known by any other names.
Are you sure you want to continue connecting (yes/no/[fingerprint])? yes
Warning: Permanently added 'github.com' (ED25519) to the list of known hosts.
warning: You appear to have cloned an empty repository.

YEE ZHI YING@LAPTOP-NQJ9M53N MINGW64 ~/Desktop
$ cd git-it-up-workshop-2022

YEE ZHI YING@LAPTOP-NQJ9M53N MINGW64 ~/Desktop/git-it-up-workshop-2022 (main)
$ ls

YEE ZHI YING@LAPTOP-NQJ9M53N MINGW64 ~/Desktop/git-it-up-workshop-2022 (main)
$ ls -alps
total 20
 0 drwxr-xr-x 1 YEE ZHI YING 197121 0 Dec 17 11:39 ./
16 drwxr-xr-x 1 YEE ZHI YING 197121 0 Dec 17 11:39 ../
 4 drwxr-xr-x 1 YEE ZHI YING 197121 0 Dec 17 11:39 .git/

YEE ZHI YING@LAPTOP-NQJ9M53N MINGW64 ~/Desktop/git-it-up-workshop-2022 (main)
$ git branch

YEE ZHI YING@LAPTOP-NQJ9M53N MINGW64 ~/Desktop/git-it-up-workshop-2022 (main)
$ git status
On branch main

No commits yet

nothing to commit (create/copy files and use "git add" to track)

YEE ZHI YING@LAPTOP-NQJ9M53N MINGW64 ~/Desktop/git-it-up-workshop-2022 (main)
$ git remote -v
origin  git@github.com:ZhiYing1112/git-it-up-workshop-2022.git (fetch)
origin  git@github.com:ZhiYing1112/git-it-up-workshop-2022.git (push)

YEE ZHI YING@LAPTOP-NQJ9M53N MINGW64 ~/Desktop/git-it-up-workshop-2022 (main)
$ git log
fatal: your current branch 'main' does not have any commits yet

YEE ZHI YING@LAPTOP-NQJ9M53N MINGW64 ~/Desktop/git-it-up-workshop-2022 (main)
$ code .

YEE ZHI YING@LAPTOP-NQJ9M53N MINGW64 ~/Desktop/git-it-up-workshop-2022 (main)
$ ls
README.md

YEE ZHI YING@LAPTOP-NQJ9M53N MINGW64 ~/Desktop/git-it-up-workshop-2022 (main)
$ git status
On branch main

No commits yet

Untracked files:
  (use "git add <file>..." to include in what will be committed)
        README.md

nothing added to commit but untracked files present (use "git add" to track)

YEE ZHI YING@LAPTOP-NQJ9M53N MINGW64 ~/Desktop/git-it-up-workshop-2022 (main)
$ git add README.md

YEE ZHI YING@LAPTOP-NQJ9M53N MINGW64 ~/Desktop/git-it-up-workshop-2022 (main)
$ git status
On branch main

No commits yet

Changes to be committed:
  (use "git rm --cached <file>..." to unstage)
        new file:   README.md


YEE ZHI YING@LAPTOP-NQJ9M53N MINGW64 ~/Desktop/git-it-up-workshop-2022 (main)
$ git commit -m "chore: add README file"
[main (root-commit) 48997de] chore: add README file
 1 file changed, 2 insertions(+)
 create mode 100644 README.md

YEE ZHI YING@LAPTOP-NQJ9M53N MINGW64 ~/Desktop/git-it-up-workshop-2022 (main)
$ git log
commit 48997de3a6f15e719fabc4415bddd14afd3cc01f (HEAD -> main)
Author: YEE ZHI YING <80030721+ZhiYing1112@users.noreply.github.com>
Date:   Sat Dec 17 12:13:39 2022 +0800

    chore: add README file

YEE ZHI YING@LAPTOP-NQJ9M53N MINGW64 ~/Desktop/git-it-up-workshop-2022 (main)
$ git config --global user.email yeezhiying2000@gmail.com

YEE ZHI YING@LAPTOP-NQJ9M53N MINGW64 ~/Desktop/git-it-up-workshop-2022 (main)
$ git config --global user.name ZhiYing1112

YEE ZHI YING@LAPTOP-NQJ9M53N MINGW64 ~/Desktop/git-it-up-workshop-2022 (main)
$ git log
commit 48997de3a6f15e719fabc4415bddd14afd3cc01f (HEAD -> main)
Author: YEE ZHI YING <80030721+ZhiYing1112@users.noreply.github.com>
Date:   Sat Dec 17 12:13:39 2022 +0800

    chore: add README file

YEE ZHI YING@LAPTOP-NQJ9M53N MINGW64 ~/Desktop/git-it-up-workshop-2022 (main)
$ git commit --amend --author="ZhiYing <yeezhiying2000@gmail.com>" --no-edit
[main 075b616] chore: add README file
 Author: ZhiYing <yeezhiying2000@gmail.com>
 Date: Sat Dec 17 12:13:39 2022 +0800
 1 file changed, 2 insertions(+)
 create mode 100644 README.md

YEE ZHI YING@LAPTOP-NQJ9M53N MINGW64 ~/Desktop/git-it-up-workshop-2022 (main)
$ git log
commit 075b6161a7180c17dedd700f87d7abfb6c61c9ff (HEAD -> main)
Author: ZhiYing <yeezhiying2000@gmail.com>
Date:   Sat Dec 17 12:13:39 2022 +0800

    chore: add README file

YEE ZHI YING@LAPTOP-NQJ9M53N MINGW64 ~/Desktop/git-it-up-workshop-2022 (main)
$ git push -u origin main
Enumerating objects: 3, done.
Counting objects: 100% (3/3), done.
Delta compression using up to 16 threads
Compressing objects: 100% (2/2), done.
Writing objects: 100% (3/3), 276 bytes | 276.00 KiB/s, done.
Total 3 (delta 0), reused 0 (delta 0), pack-reused 0
To github.com:ZhiYing1112/git-it-up-workshop-2022.git
 * [new branch]      main -> main
branch 'main' set up to track 'origin/main'.

YEE ZHI YING@LAPTOP-NQJ9M53N MINGW64 ~/Desktop/git-it-up-workshop-2022 (main)
$ ls
README.md

YEE ZHI YING@LAPTOP-NQJ9M53N MINGW64 ~/Desktop/git-it-up-workshop-2022 (main)
$ git pull
remote: Enumerating objects: 6, done.
remote: Counting objects: 100% (6/6), done.
remote: Compressing objects: 100% (3/3), done.
remote: Total 5 (delta 0), reused 0 (delta 0), pack-reused 0
Unpacking objects: 100% (5/5), 897 bytes | 89.00 KiB/s, done.
From github.com:ZhiYing1112/git-it-up-workshop-2022
   075b616..736999e  main       -> origin/main
Updating 075b616..736999e
Fast-forward
 .github/workflows/main.yml | 10 ++++++++++
 1 file changed, 10 insertions(+)
 create mode 100644 .github/workflows/main.yml

YEE ZHI YING@LAPTOP-NQJ9M53N MINGW64 ~/Desktop/git-it-up-workshop-2022 (main)
$ ls
README.md

YEE ZHI YING@LAPTOP-NQJ9M53N MINGW64 ~/Desktop/git-it-up-workshop-2022 (main)
$ ls -alps
total 21
 0 drwxr-xr-x 1 YEE ZHI YING 197121  0 Dec 17 12:57 ./
16 drwxr-xr-x 1 YEE ZHI YING 197121  0 Dec 17 11:39 ../
 4 drwxr-xr-x 1 YEE ZHI YING 197121  0 Dec 17 12:57 .git/
 0 drwxr-xr-x 1 YEE ZHI YING 197121  0 Dec 17 12:57 .github/
 1 -rw-r--r-- 1 YEE ZHI YING 197121 52 Dec 17 12:04 README.md